127.0.0.1 - - [21/Nov/2023:14:06:59 -0300] "GET / HTTP/1.1" 404 763
0:0:0:0:0:0:0:1 - - [21/Nov/2023:14:07:02 -0300] "GET /GlobalSolution--Taketen/ HTTP/1.1" 404 791
0:0:0:0:0:0:0:1 - - [21/Nov/2023:14:07:03 -0300] "GET /favicon.ico HTTP/1.1" 404 774
0:0:0:0:0:0:0:1 - - [21/Nov/2023:14:07:39 -0300] "GET /GlobalSolution--Taketen/rest/tipoExercicio HTTP/1.1" 500 11495
0:0:0:0:0:0:0:1 - - [21/Nov/2023:14:15:58 -0300] "GET /GlobalSolution--Taketen/rest/tipoExercicio HTTP/1.1" 200 2
0:0:0:0:0:0:0:1 - - [21/Nov/2023:14:19:15 -0300] "GET /GlobalSolution--Taketen/rest/tipoExercicio HTTP/1.1" 200 2
0:0:0:0:0:0:0:1 - - [21/Nov/2023:14:24:55 -0300] "GET /GlobalSolution--Taketen/rest/tipoExercicio HTTP/1.1" 200 2
0:0:0:0:0:0:0:1 - - [21/Nov/2023:14:27:54 -0300] "POST /GlobalSolution--Taketen/rest/tipoExercicio HTTP/1.1" 400 410
0:0:0:0:0:0:0:1 - - [21/Nov/2023:15:13:42 -0300] "GET /GlobalSolution--Taketen/rest/tipoExercicio HTTP/1.1" 200 2
0:0:0:0:0:0:0:1 - - [21/Nov/2023:15:17:48 -0300] "GET /GlobalSolution--Taketen/rest/tipoExercicio HTTP/1.1" 200 2
127.0.0.1 - - [21/Nov/2023:15:18:17 -0300] "GET / HTTP/1.1" 404 763
0:0:0:0:0:0:0:1 - - [21/Nov/2023:15:18:47 -0300] "GET /GlobalSolution--Taketen/rest/tipoExercicio HTTP/1.1" 200 2
127.0.0.1 - - [21/Nov/2023:15:33:01 -0300] "GET / HTTP/1.1" 404 763
0:0:0:0:0:0:0:1 - - [21/Nov/2023:15:33:04 -0300] "GET /GlobalSolution--Taketen/ HTTP/1.1" 404 791
0:0:0:0:0:0:0:1 - - [21/Nov/2023:15:33:25 -0300] "GET /GlobalSolution--Taketen/rest/tipoExercicio HTTP/1.1" 200 2
0:0:0:0:0:0:0:1 - - [21/Nov/2023:15:34:58 -0300] "GET /GlobalSolution--Taketen/rest/tipoExercicio HTTP/1.1" 200 2
127.0.0.1 - - [21/Nov/2023:17:44:56 -0300] "GET / HTTP/1.1" 404 763
0:0:0:0:0:0:0:1 - - [21/Nov/2023:17:44:57 -0300] "GET /GlobalSolution--Taketen/ HTTP/1.1" 404 791
0:0:0:0:0:0:0:1 - - [21/Nov/2023:17:45:06 -0300] "GET /GlobalSolution--Taketen/rest/tipoExercicio HTTP/1.1" 200 133
0:0:0:0:0:0:0:1 - - [21/Nov/2023:17:46:04 -0300] "POST /GlobalSolution--Taketen/rest/tipoExercicio HTTP/1.1" 201 -
0:0:0:0:0:0:0:1 - - [21/Nov/2023:17:46:12 -0300] "GET /GlobalSolution--Taketen/rest/tipoExercicio HTTP/1.1" 200 221
0:0:0:0:0:0:0:1 - - [21/Nov/2023:17:47:10 -0300] "PUT /GlobalSolution--Taketen/rest/tipoExercicio/2 HTTP/1.1" 200 -
0:0:0:0:0:0:0:1 - - [21/Nov/2023:17:47:16 -0300] "GET /GlobalSolution--Taketen/rest/tipoExercicio HTTP/1.1" 200 221
0:0:0:0:0:0:0:1 - - [21/Nov/2023:17:47:41 -0300] "GET /GlobalSolution--Taketen/rest/tipoExercicio HTTP/1.1" 200 221
0:0:0:0:0:0:0:1 - - [21/Nov/2023:17:48:01 -0300] "PUT /GlobalSolution--Taketen/rest/tipoExercicio/2 HTTP/1.1" 200 -
0:0:0:0:0:0:0:1 - - [21/Nov/2023:17:48:06 -0300] "GET /GlobalSolution--Taketen/rest/tipoExercicio HTTP/1.1" 200 221
0:0:0:0:0:0:0:1 - - [21/Nov/2023:17:49:18 -0300] "GET /GlobalSolution--Taketen/rest/tipoExercicio HTTP/1.1" 200 221
0:0:0:0:0:0:0:1 - - [21/Nov/2023:17:49:23 -0300] "PUT /GlobalSolution--Taketen/rest/tipoExercicio/2 HTTP/1.1" 200 -
0:0:0:0:0:0:0:1 - - [21/Nov/2023:17:49:26 -0300] "GET /GlobalSolution--Taketen/rest/tipoExercicio HTTP/1.1" 200 221
127.0.0.1 - - [21/Nov/2023:17:49:51 -0300] "GET / HTTP/1.1" 404 763
0:0:0:0:0:0:0:1 - - [21/Nov/2023:17:50:01 -0300] "GET /GlobalSolution--Taketen/rest/tipoExercicio HTTP/1.1" 200 221
0:0:0:0:0:0:0:1 - - [21/Nov/2023:17:50:17 -0300] "POST /GlobalSolution--Taketen/rest/tipoExercicio HTTP/1.1" 201 -
0:0:0:0:0:0:0:1 - - [21/Nov/2023:17:50:20 -0300] "GET /GlobalSolution--Taketen/rest/tipoExercicio HTTP/1.1" 200 321
0:0:0:0:0:0:0:1 - - [21/Nov/2023:17:50:59 -0300] "PUT /GlobalSolution--Taketen/rest/tipoExercicio/3 HTTP/1.1" 200 -
0:0:0:0:0:0:0:1 - - [21/Nov/2023:17:51:02 -0300] "GET /GlobalSolution--Taketen/rest/tipoExercicio HTTP/1.1" 200 321
0:0:0:0:0:0:0:1 - - [21/Nov/2023:17:51:37 -0300] "GET /GlobalSolution--Taketen/rest/tipoExercicio HTTP/1.1" 500 11574
127.0.0.1 - - [21/Nov/2023:17:52:18 -0300] "GET / HTTP/1.1" 404 763
0:0:0:0:0:0:0:1 - - [21/Nov/2023:17:52:32 -0300] "GET /GlobalSolution--Taketen/rest/tipoExercicio HTTP/1.1" 200 321
0:0:0:0:0:0:0:1 - - [21/Nov/2023:17:53:16 -0300] "DELETE /GlobalSolution--Taketen/rest/tipoExercicio/2 HTTP/1.1" 200 -
0:0:0:0:0:0:0:1 - - [21/Nov/2023:17:53:19 -0300] "GET /GlobalSolution--Taketen/rest/tipoExercicio HTTP/1.1" 200 233
0:0:0:0:0:0:0:1 - - [21/Nov/2023:17:54:20 -0300] "GET /GlobalSolution--Taketen/rest/equipe HTTP/1.1" 200 172
0:0:0:0:0:0:0:1 - - [21/Nov/2023:17:55:24 -0300] "GET /GlobalSolution--Taketen/rest/equipe HTTP/1.1" 200 172
0:0:0:0:0:0:0:1 - - [21/Nov/2023:17:59:01 -0300] "GET /GlobalSolution--Taketen/rest/equipe HTTP/1.1" 200 172
0:0:0:0:0:0:0:1 - - [21/Nov/2023:18:00:21 -0300] "POST /GlobalSolution--Taketen/rest/equipe HTTP/1.1" 201 -
0:0:0:0:0:0:0:1 - - [21/Nov/2023:18:00:26 -0300] "GET /GlobalSolution--Taketen/rest/equipe HTTP/1.1" 200 352
0:0:0:0:0:0:0:1 - - [21/Nov/2023:18:41:11 -0300] "PUT /GlobalSolution--Taketen/rest/equipe/2 HTTP/1.1" 500 11366
127.0.0.1 - - [21/Nov/2023:18:42:41 -0300] "GET / HTTP/1.1" 404 763
0:0:0:0:0:0:0:1 - - [21/Nov/2023:18:42:52 -0300] "GET /GlobalSolution--Taketen/rest/equipe HTTP/1.1" 200 352
0:0:0:0:0:0:0:1 - - [21/Nov/2023:18:43:04 -0300] "PUT /GlobalSolution--Taketen/rest/equipe/2 HTTP/1.1" 200 -
0:0:0:0:0:0:0:1 - - [21/Nov/2023:18:43:11 -0300] "GET /GlobalSolution--Taketen/rest/equipe HTTP/1.1" 200 352
0:0:0:0:0:0:0:1 - - [21/Nov/2023:18:48:36 -0300] "GET /GlobalSolution--Taketen/rest/desafio HTTP/1.1" 200 187
0:0:0:0:0:0:0:1 - - [21/Nov/2023:19:09:29 -0300] "GET /GlobalSolution--Taketen/rest/tipoExercicio HTTP/1.1" 200 233
0:0:0:0:0:0:0:1 - - [21/Nov/2023:19:12:00 -0300] "GET /GlobalSolution--Taketen/rest/tipoExercicio HTTP/1.1" 200 233
0:0:0:0:0:0:0:1 - - [21/Nov/2023:19:12:09 -0300] "PUT /GlobalSolution--Taketen/rest/tipoExercicio/3 HTTP/1.1" 200 -
0:0:0:0:0:0:0:1 - - [21/Nov/2023:19:12:19 -0300] "GET /GlobalSolution--Taketen/rest/tipoExercicio HTTP/1.1" 200 233
0:0:0:0:0:0:0:1 - - [21/Nov/2023:19:12:34 -0300] "PUT /GlobalSolution--Taketen/rest/tipoExercicio/3 HTTP/1.1" 200 -
0:0:0:0:0:0:0:1 - - [21/Nov/2023:19:12:37 -0300] "GET /GlobalSolution--Taketen/rest/tipoExercicio HTTP/1.1" 200 235
0:0:0:0:0:0:0:1 - - [21/Nov/2023:19:13:05 -0300] "PUT /GlobalSolution--Taketen/rest/tipoExercicio/3 HTTP/1.1" 200 -
0:0:0:0:0:0:0:1 - - [21/Nov/2023:19:13:08 -0300] "GET /GlobalSolution--Taketen/rest/tipoExercicio HTTP/1.1" 500 7747
127.0.0.1 - - [21/Nov/2023:19:13:52 -0300] "GET / HTTP/1.1" 404 763
0:0:0:0:0:0:0:1 - - [21/Nov/2023:19:13:59 -0300] "GET /GlobalSolution--Taketen/rest/tipoExercicio HTTP/1.1" 200 235
0:0:0:0:0:0:0:1 - - [21/Nov/2023:19:14:06 -0300] "PUT /GlobalSolution--Taketen/rest/tipoExercicio/3 HTTP/1.1" 200 -
0:0:0:0:0:0:0:1 - - [21/Nov/2023:19:14:09 -0300] "GET /GlobalSolution--Taketen/rest/tipoExercicio HTTP/1.1" 200 235
0:0:0:0:0:0:0:1 - - [21/Nov/2023:19:14:28 -0300] "PUT /GlobalSolution--Taketen/rest/tipoExercicio HTTP/1.1" 405 725
0:0:0:0:0:0:0:1 - - [21/Nov/2023:19:14:35 -0300] "PUT /GlobalSolution--Taketen/rest/tipoExercicio/3 HTTP/1.1" 200 -
0:0:0:0:0:0:0:1 - - [21/Nov/2023:19:14:38 -0300] "GET /GlobalSolution--Taketen/rest/tipoExercicio HTTP/1.1" 200 241
0:0:0:0:0:0:0:1 - - [21/Nov/2023:19:18:40 -0300] "GET /GlobalSolution--Taketen/rest/equipe HTTP/1.1" 200 352
0:0:0:0:0:0:0:1 - - [21/Nov/2023:19:20:34 -0300] "GET /GlobalSolution--Taketen/rest/desafio HTTP/1.1" 200 187
0:0:0:0:0:0:0:1 - - [21/Nov/2023:19:23:24 -0300] "POST /GlobalSolution--Taketen/rest/equipe HTTP/1.1" 400 423
0:0:0:0:0:0:0:1 - - [21/Nov/2023:19:23:30 -0300] "GET /GlobalSolution--Taketen/rest/desafio HTTP/1.1" 500 7711
127.0.0.1 - - [21/Nov/2023:19:23:45 -0300] "GET / HTTP/1.1" 404 763
0:0:0:0:0:0:0:1 - - [21/Nov/2023:19:29:19 -0300] "GET /GlobalSolution--Taketen/rest/desafio HTTP/1.1" 200 187
0:0:0:0:0:0:0:1 - - [21/Nov/2023:19:29:44 -0300] "POST /GlobalSolution--Taketen/rest/desafio HTTP/1.1" 500 11162
127.0.0.1 - - [21/Nov/2023:19:33:36 -0300] "GET / HTTP/1.1" 404 763
0:0:0:0:0:0:0:1 - - [21/Nov/2023:19:33:45 -0300] "GET /GlobalSolution--Taketen/rest/desafio HTTP/1.1" 200 187
0:0:0:0:0:0:0:1 - - [21/Nov/2023:19:34:47 -0300] "POST /GlobalSolution--Taketen/rest/desafio HTTP/1.1" 201 -
0:0:0:0:0:0:0:1 - - [21/Nov/2023:19:34:52 -0300] "GET /GlobalSolution--Taketen/rest/desafio HTTP/1.1" 500 7711
127.0.0.1 - - [21/Nov/2023:19:35:06 -0300] "GET / HTTP/1.1" 404 763
0:0:0:0:0:0:0:1 - - [21/Nov/2023:19:35:13 -0300] "GET /GlobalSolution--Taketen/rest/desafio HTTP/1.1" 200 383
0:0:0:0:0:0:0:1 - - [21/Nov/2023:19:36:07 -0300] "PUT /GlobalSolution--Taketen/rest/desafio/2 HTTP/1.1" 200 -
0:0:0:0:0:0:0:1 - - [21/Nov/2023:19:36:12 -0300] "GET /GlobalSolution--Taketen/rest/desafio HTTP/1.1" 500 7711
0:0:0:0:0:0:0:1 - - [21/Nov/2023:19:36:23 -0300] "GET /GlobalSolution--Taketen/rest/desafio HTTP/1.1" 500 7711
127.0.0.1 - - [21/Nov/2023:19:36:40 -0300] "GET / HTTP/1.1" 404 763
0:0:0:0:0:0:0:1 - - [21/Nov/2023:19:37:01 -0300] "GET /GlobalSolution--Taketen/rest/desafio HTTP/1.1" 200 383
0:0:0:0:0:0:0:1 - - [21/Nov/2023:19:37:57 -0300] "GET /GlobalSolution--Taketen/rest/desafio HTTP/1.1" 200 383
0:0:0:0:0:0:0:1 - - [21/Nov/2023:19:38:01 -0300] "DELETE /GlobalSolution--Taketen/rest/desafio/2 HTTP/1.1" 500 7716
127.0.0.1 - - [21/Nov/2023:19:38:25 -0300] "GET / HTTP/1.1" 404 763
0:0:0:0:0:0:0:1 - - [21/Nov/2023:19:38:29 -0300] "DELETE /GlobalSolution--Taketen/rest/desafio/2 HTTP/1.1" 200 -
0:0:0:0:0:0:0:1 - - [21/Nov/2023:19:38:33 -0300] "GET /GlobalSolution--Taketen/rest/desafio HTTP/1.1" 200 187
0:0:0:0:0:0:0:1 - - [21/Nov/2023:19:42:42 -0300] "GET /GlobalSolution--Taketen/rest/exercicio HTTP/1.1" 200 322
0:0:0:0:0:0:0:1 - - [21/Nov/2023:19:45:38 -0300] "POST /GlobalSolution--Taketen/rest/exercicio HTTP/1.1" 500 7730
0:0:0:0:0:0:0:1 - - [21/Nov/2023:19:45:42 -0300] "GET /GlobalSolution--Taketen/rest/exercicio HTTP/1.1" 500 7723
127.0.0.1 - - [21/Nov/2023:19:45:52 -0300] "GET / HTTP/1.1" 404 763
0:0:0:0:0:0:0:1 - - [21/Nov/2023:19:46:04 -0300] "GET /GlobalSolution--Taketen/rest/exercicio HTTP/1.1" 200 322
0:0:0:0:0:0:0:1 - - [21/Nov/2023:19:46:10 -0300] "POST /GlobalSolution--Taketen/rest/exercicio HTTP/1.1" 500 7730
127.0.0.1 - - [21/Nov/2023:19:46:31 -0300] "GET / HTTP/1.1" 404 763
0:0:0:0:0:0:0:1 - - [21/Nov/2023:19:46:46 -0300] "POST /GlobalSolution--Taketen/rest/exercicio HTTP/1.1" 201 -
0:0:0:0:0:0:0:1 - - [21/Nov/2023:19:46:56 -0300] "GET /GlobalSolution--Taketen/rest/exercicio HTTP/1.1" 500 7723
127.0.0.1 - - [21/Nov/2023:19:47:06 -0300] "GET / HTTP/1.1" 404 763
0:0:0:0:0:0:0:1 - - [21/Nov/2023:19:47:15 -0300] "GET /GlobalSolution--Taketen/rest/exercicio HTTP/1.1" 200 639
0:0:0:0:0:0:0:1 - - [21/Nov/2023:19:50:20 -0300] "PUT /GlobalSolution--Taketen/rest/exercicio/2 HTTP/1.1" 500 7732
127.0.0.1 - - [21/Nov/2023:19:50:37 -0300] "GET / HTTP/1.1" 404 763
0:0:0:0:0:0:0:1 - - [21/Nov/2023:19:50:44 -0300] "PUT /GlobalSolution--Taketen/rest/exercicio/2 HTTP/1.1" 200 -
0:0:0:0:0:0:0:1 - - [21/Nov/2023:19:50:54 -0300] "GET /GlobalSolution--Taketen/rest/exercicio HTTP/1.1" 500 7723
127.0.0.1 - - [21/Nov/2023:19:51:05 -0300] "GET / HTTP/1.1" 404 763
0:0:0:0:0:0:0:1 - - [21/Nov/2023:19:51:10 -0300] "GET /GlobalSolution--Taketen/rest/exercicio HTTP/1.1" 200 639
0:0:0:0:0:0:0:1 - - [21/Nov/2023:19:52:47 -0300] "DELETE /GlobalSolution--Taketen/rest/exercicio/2 HTTP/1.1" 500 7728
127.0.0.1 - - [21/Nov/2023:19:53:28 -0300] "GET / HTTP/1.1" 404 763
0:0:0:0:0:0:0:1 - - [21/Nov/2023:19:53:39 -0300] "DELETE /GlobalSolution--Taketen/rest/exercicio/2 HTTP/1.1" 200 -
0:0:0:0:0:0:0:1 - - [21/Nov/2023:19:53:44 -0300] "GET /GlobalSolution--Taketen/rest/exercicio HTTP/1.1" 500 7723
127.0.0.1 - - [21/Nov/2023:19:53:53 -0300] "GET / HTTP/1.1" 404 763
0:0:0:0:0:0:0:1 - - [21/Nov/2023:19:54:01 -0300] "GET /GlobalSolution--Taketen/rest/exercicio HTTP/1.1" 200 322
0:0:0:0:0:0:0:1 - - [21/Nov/2023:20:00:46 -0300] "GET /GlobalSolution--Taketen/rest/usuario HTTP/1.1" 500 7711
127.0.0.1 - - [21/Nov/2023:20:00:58 -0300] "GET / HTTP/1.1" 404 763
0:0:0:0:0:0:0:1 - - [21/Nov/2023:20:01:03 -0300] "GET /GlobalSolution--Taketen/rest/usuario HTTP/1.1" 500 7711
127.0.0.1 - - [21/Nov/2023:20:01:21 -0300] "GET / HTTP/1.1" 404 763
0:0:0:0:0:0:0:1 - - [21/Nov/2023:20:01:30 -0300] "GET /GlobalSolution--Taketen/rest/usuario HTTP/1.1" 500 7711
127.0.0.1 - - [21/Nov/2023:20:01:45 -0300] "GET / HTTP/1.1" 404 763
0:0:0:0:0:0:0:1 - - [21/Nov/2023:20:02:29 -0300] "GET /GlobalSolution--Taketen/rest/usuario HTTP/1.1" 500 7711
127.0.0.1 - - [21/Nov/2023:20:02:38 -0300] "GET / HTTP/1.1" 404 763
0:0:0:0:0:0:0:1 - - [21/Nov/2023:20:02:48 -0300] "GET /GlobalSolution--Taketen/rest/usuario HTTP/1.1" 500 7711
0:0:0:0:0:0:0:1 - - [21/Nov/2023:20:03:04 -0300] "GET /GlobalSolution--Taketen/rest/usuario HTTP/1.1" 500 7711
127.0.0.1 - - [21/Nov/2023:20:05:18 -0300] "GET / HTTP/1.1" 404 763
0:0:0:0:0:0:0:1 - - [21/Nov/2023:20:05:20 -0300] "GET /GlobalSolution--Taketen/ HTTP/1.1" 404 791
0:0:0:0:0:0:0:1 - - [21/Nov/2023:20:05:54 -0300] "GET /GlobalSolution--Taketen/rest/usuario HTTP/1.1" 404 725
0:0:0:0:0:0:0:1 - - [21/Nov/2023:20:06:30 -0300] "GET /GlobalSolution--Taketen/rest/usuario HTTP/1.1" 404 725
0:0:0:0:0:0:0:1 - - [21/Nov/2023:20:06:47 -0300] "GET /GlobalSolution--Taketen/rest/usuario HTTP/1.1" 404 725
0:0:0:0:0:0:0:1 - - [21/Nov/2023:20:06:53 -0300] "GET /GlobalSolution--Taketen HTTP/1.1" 302 -
0:0:0:0:0:0:0:1 - - [21/Nov/2023:20:06:53 -0300] "GET /GlobalSolution--Taketen/ HTTP/1.1" 404 791
0:0:0:0:0:0:0:1 - - [21/Nov/2023:20:06:57 -0300] "GET /GlobalSolution--Taketen/rest/tipoExercicio HTTP/1.1" 404 725
127.0.0.1 - - [21/Nov/2023:20:07:32 -0300] "GET / HTTP/1.1" 404 763
0:0:0:0:0:0:0:1 - - [21/Nov/2023:20:07:45 -0300] "GET /GlobalSolution--Taketen/rest/usuario HTTP/1.1" 404 725
0:0:0:0:0:0:0:1 - - [21/Nov/2023:20:08:03 -0300] "GET /GlobalSolution--Taketen/rest/exercicio HTTP/1.1" 404 725
0:0:0:0:0:0:0:1 - - [21/Nov/2023:20:08:29 -0300] "GET /GlobalSolution--Taketen/ HTTP/1.1" 404 791
127.0.0.1 - - [21/Nov/2023:20:15:59 -0300] "GET / HTTP/1.1" 404 763
0:0:0:0:0:0:0:1 - - [21/Nov/2023:20:15:59 -0300] "GET /GlobalSolution--Taketen/ HTTP/1.1" 404 791
0:0:0:0:0:0:0:1 - - [21/Nov/2023:20:16:08 -0300] "GET /GlobalSolution--Taketen/rest/usuario HTTP/1.1" 200 222
0:0:0:0:0:0:0:1 - - [21/Nov/2023:20:18:29 -0300] "GET /GlobalSolution--Taketen/rest/usuario HTTP/1.1" 200 222
0:0:0:0:0:0:0:1 - - [21/Nov/2023:20:27:22 -0300] "POST /GlobalSolution--Taketen/rest/usuario HTTP/1.1" 500 11186
127.0.0.1 - - [21/Nov/2023:20:27:41 -0300] "GET / HTTP/1.1" 404 763
0:0:0:0:0:0:0:1 - - [21/Nov/2023:20:27:47 -0300] "POST /GlobalSolution--Taketen/rest/usuario HTTP/1.1" 500 11186
0:0:0:0:0:0:0:1 - - [21/Nov/2023:20:32:28 -0300] "POST /GlobalSolution--Taketen/rest/usuario HTTP/1.1" 500 11313
127.0.0.1 - - [21/Nov/2023:20:32:49 -0300] "GET / HTTP/1.1" 404 763
0:0:0:0:0:0:0:1 - - [21/Nov/2023:20:32:56 -0300] "POST /GlobalSolution--Taketen/rest/usuario HTTP/1.1" 500 11313
127.0.0.1 - - [21/Nov/2023:20:41:17 -0300] "GET / HTTP/1.1" 404 763
0:0:0:0:0:0:0:1 - - [21/Nov/2023:20:41:18 -0300] "GET /GlobalSolution--Taketen/ HTTP/1.1" 404 791
0:0:0:0:0:0:0:1 - - [21/Nov/2023:20:54:11 -0300] "GET /GlobalSolution--Taketen/ HTTP/1.1" 404 791
0:0:0:0:0:0:0:1 - - [21/Nov/2023:20:54:18 -0300] "GET /GlobalSolution--Taketen/rest/tipoExercicio HTTP/1.1" 200 241
0:0:0:0:0:0:0:1 - - [21/Nov/2023:20:55:51 -0300] "GET /GlobalSolution--Taketen/rest/usuario HTTP/1.1" 200 222
0:0:0:0:0:0:0:1 - - [21/Nov/2023:20:55:56 -0300] "POST /GlobalSolution--Taketen/rest/usuario HTTP/1.1" 500 11313
0:0:0:0:0:0:0:1 - - [21/Nov/2023:20:59:01 -0300] "GET /GlobalSolution--Taketen/rest/equipe HTTP/1.1" 200 352
0:0:0:0:0:0:0:1 - - [21/Nov/2023:20:59:20 -0300] "GET /GlobalSolution--Taketen/rest/usuario HTTP/1.1" 200 222
0:0:0:0:0:0:0:1 - - [21/Nov/2023:20:59:33 -0300] "POST /GlobalSolution--Taketen/rest/usuario HTTP/1.1" 500 11313
127.0.0.1 - - [21/Nov/2023:21:26:52 -0300] "GET / HTTP/1.1" 404 763
0:0:0:0:0:0:0:1 - - [21/Nov/2023:21:26:55 -0300] "GET /GlobalSolution--Taketen/ HTTP/1.1" 404 791
0:0:0:0:0:0:0:1 - - [21/Nov/2023:21:28:36 -0300] "GET /GlobalSolution--Taketen/rest/chatbot HTTP/1.1" 500 6568
127.0.0.1 - - [21/Nov/2023:21:28:50 -0300] "GET / HTTP/1.1" 404 763
0:0:0:0:0:0:0:1 - - [21/Nov/2023:21:29:02 -0300] "GET /GlobalSolution--Taketen/rest/chatbot HTTP/1.1" 500 6568
0:0:0:0:0:0:0:1 - - [21/Nov/2023:21:29:26 -0300] "GET /GlobalSolution--Taketen/rest/tipoExercicio HTTP/1.1" 200 241
0:0:0:0:0:0:0:1 - - [21/Nov/2023:21:29:46 -0300] "GET /GlobalSolution--Taketen/rest/chatbot HTTP/1.1" 500 6568
127.0.0.1 - - [21/Nov/2023:22:22:34 -0300] "GET / HTTP/1.1" 404 763
0:0:0:0:0:0:0:1 - - [21/Nov/2023:22:22:36 -0300] "GET /GlobalSolution--Taketen/ HTTP/1.1" 404 791
0:0:0:0:0:0:0:1 - - [21/Nov/2023:22:22:46 -0300] "GET /GlobalSolution--Taketen/rest/tipoExercicio HTTP/1.1" 200 241
0:0:0:0:0:0:0:1 - - [21/Nov/2023:22:23:14 -0300] "GET /GlobalSolution--Taketen/rest/usuario HTTP/1.1" 200 222
0:0:0:0:0:0:0:1 - - [21/Nov/2023:22:23:30 -0300] "POST /GlobalSolution--Taketen/rest/usuario HTTP/1.1" 500 11313
0:0:0:0:0:0:0:1 - - [21/Nov/2023:22:24:44 -0300] "GET /GlobalSolution--Taketen/rest/usuario HTTP/1.1" 500 11625
127.0.0.1 - - [21/Nov/2023:22:24:58 -0300] "GET / HTTP/1.1" 404 763
0:0:0:0:0:0:0:1 - - [21/Nov/2023:22:25:07 -0300] "GET /GlobalSolution--Taketen/rest/usuario HTTP/1.1" 500 11645
0:0:0:0:0:0:0:1 - - [21/Nov/2023:22:25:27 -0300] "GET /GlobalSolution--Taketen/rest/usuario HTTP/1.1" 500 11645
127.0.0.1 - - [21/Nov/2023:22:25:39 -0300] "GET / HTTP/1.1" 404 763
0:0:0:0:0:0:0:1 - - [21/Nov/2023:22:25:55 -0300] "GET /GlobalSolution--Taketen/rest/usuario HTTP/1.1" 200 222
0:0:0:0:0:0:0:1 - - [21/Nov/2023:22:27:43 -0300] "GET /GlobalSolution--Taketen/rest/equipe HTTP/1.1" 200 352
127.0.0.1 - - [21/Nov/2023:22:31:29 -0300] "GET / HTTP/1.1" 404 763
0:0:0:0:0:0:0:1 - - [21/Nov/2023:22:31:42 -0300] "GET /GlobalSolution--Taketen/rest/usuario HTTP/1.1" 200 220
0:0:0:0:0:0:0:1 - - [21/Nov/2023:22:31:45 -0300] "POST /GlobalSolution--Taketen/rest/usuario HTTP/1.1" 500 11313
0:0:0:0:0:0:0:1 - - [21/Nov/2023:22:36:34 -0300] "POST /GlobalSolution--Taketen/rest/usuario HTTP/1.1" 500 11313
0:0:0:0:0:0:0:1 - - [21/Nov/2023:22:37:16 -0300] "GET /GlobalSolution--Taketen/rest/usuario HTTP/1.1" 200 220
0:0:0:0:0:0:0:1 - - [21/Nov/2023:22:37:19 -0300] "POST /GlobalSolution--Taketen/rest/usuario HTTP/1.1" 500 11313
0:0:0:0:0:0:0:1 - - [21/Nov/2023:22:39:20 -0300] "PUT /GlobalSolution--Taketen/rest/usuario/0 HTTP/1.1" 200 -
0:0:0:0:0:0:0:1 - - [21/Nov/2023:22:39:23 -0300] "GET /GlobalSolution--Taketen/rest/usuario HTTP/1.1" 200 220
0:0:0:0:0:0:0:1 - - [21/Nov/2023:22:39:26 -0300] "GET /GlobalSolution--Taketen/rest/usuario HTTP/1.1" 200 220
0:0:0:0:0:0:0:1 - - [21/Nov/2023:22:39:37 -0300] "PUT /GlobalSolution--Taketen/rest/usuario/0 HTTP/1.1" 200 -
0:0:0:0:0:0:0:1 - - [21/Nov/2023:22:39:40 -0300] "GET /GlobalSolution--Taketen/rest/usuario HTTP/1.1" 200 220
0:0:0:0:0:0:0:1 - - [21/Nov/2023:22:39:49 -0300] "PUT /GlobalSolution--Taketen/rest/usuario/0 HTTP/1.1" 500 11619
0:0:0:0:0:0:0:1 - - [21/Nov/2023:22:39:58 -0300] "PUT /GlobalSolution--Taketen/rest/usuario/0 HTTP/1.1" 200 -
0:0:0:0:0:0:0:1 - - [21/Nov/2023:22:40:01 -0300] "GET /GlobalSolution--Taketen/rest/usuario HTTP/1.1" 200 220
0:0:0:0:0:0:0:1 - - [21/Nov/2023:22:40:26 -0300] "DELETE /GlobalSolution--Taketen/rest/usuario/0 HTTP/1.1" 200 -
0:0:0:0:0:0:0:1 - - [21/Nov/2023:22:40:29 -0300] "GET /GlobalSolution--Taketen/rest/usuario HTTP/1.1" 200 220
0:0:0:0:0:0:0:1 - - [21/Nov/2023:22:40:53 -0300] "GET /GlobalSolution--Taketen/rest/chatbot HTTP/1.1" 500 6568
0:0:0:0:0:0:0:1 - - [21/Nov/2023:22:42:41 -0300] "GET /GlobalSolution--Taketen/rest/chatbot HTTP/1.1" 500 6568
0:0:0:0:0:0:0:1 - - [21/Nov/2023:22:44:13 -0300] "GET /GlobalSolution--Taketen/rest/chatbot HTTP/1.1" 200 159
0:0:0:0:0:0:0:1 - - [21/Nov/2023:22:46:13 -0300] "GET /GlobalSolution--Taketen/rest/usuario HTTP/1.1" 500 7711
127.0.0.1 - - [21/Nov/2023:22:46:26 -0300] "GET / HTTP/1.1" 404 763
0:0:0:0:0:0:0:1 - - [21/Nov/2023:22:46:32 -0300] "GET /GlobalSolution--Taketen/rest/usuario HTTP/1.1" 200 220
0:0:0:0:0:0:0:1 - - [21/Nov/2023:22:47:47 -0300] "POST /GlobalSolution--Taketen/rest/chatbot HTTP/1.1" 500 11162
0:0:0:0:0:0:0:1 - - [21/Nov/2023:22:48:15 -0300] "POST /GlobalSolution--Taketen/rest/chatbot HTTP/1.1" 500 11287
0:0:0:0:0:0:0:1 - - [21/Nov/2023:22:50:11 -0300] "GET /GlobalSolution--Taketen/rest/chatbot HTTP/1.1" 500 7711
127.0.0.1 - - [21/Nov/2023:22:50:20 -0300] "GET / HTTP/1.1" 404 763
0:0:0:0:0:0:0:1 - - [21/Nov/2023:22:50:24 -0300] "GET /GlobalSolution--Taketen/rest/chatbot HTTP/1.1" 200 159
0:0:0:0:0:0:0:1 - - [21/Nov/2023:22:50:27 -0300] "POST /GlobalSolution--Taketen/rest/chatbot HTTP/1.1" 500 11162
0:0:0:0:0:0:0:1 - - [21/Nov/2023:22:50:57 -0300] "POST /GlobalSolution--Taketen/rest/chatbot HTTP/1.1" 500 11162
0:0:0:0:0:0:0:1 - - [21/Nov/2023:22:51:01 -0300] "GET /GlobalSolution--Taketen/rest/chatbot HTTP/1.1" 500 7711
127.0.0.1 - - [21/Nov/2023:22:51:09 -0300] "GET / HTTP/1.1" 404 763
0:0:0:0:0:0:0:1 - - [21/Nov/2023:22:51:16 -0300] "GET /GlobalSolution--Taketen/rest/chatbot HTTP/1.1" 200 159
0:0:0:0:0:0:0:1 - - [21/Nov/2023:22:51:24 -0300] "POST /GlobalSolution--Taketen/rest/chatbot HTTP/1.1" 500 11162
0:0:0:0:0:0:0:1 - - [21/Nov/2023:22:51:28 -0300] "GET /GlobalSolution--Taketen/rest/chatbot HTTP/1.1" 200 159
0:0:0:0:0:0:0:1 - - [21/Nov/2023:22:51:35 -0300] "POST /GlobalSolution--Taketen/rest/chatbot HTTP/1.1" 500 7718
127.0.0.1 - - [21/Nov/2023:22:51:55 -0300] "GET / HTTP/1.1" 404 763
0:0:0:0:0:0:0:1 - - [21/Nov/2023:22:52:05 -0300] "GET /GlobalSolution--Taketen/rest/chatbot HTTP/1.1" 200 159
0:0:0:0:0:0:0:1 - - [21/Nov/2023:22:52:07 -0300] "POST /GlobalSolution--Taketen/rest/chatbot HTTP/1.1" 500 11162
0:0:0:0:0:0:0:1 - - [21/Nov/2023:22:52:38 -0300] "GET /GlobalSolution--Taketen/rest/chatbot HTTP/1.1" 200 159
0:0:0:0:0:0:0:1 - - [21/Nov/2023:22:52:43 -0300] "POST /GlobalSolution--Taketen/rest/chatbot HTTP/1.1" 500 7718
127.0.0.1 - - [21/Nov/2023:22:52:59 -0300] "GET / HTTP/1.1" 404 763
0:0:0:0:0:0:0:1 - - [21/Nov/2023:22:53:07 -0300] "GET /GlobalSolution--Taketen/rest/chatbot HTTP/1.1" 200 159
0:0:0:0:0:0:0:1 - - [21/Nov/2023:22:53:09 -0300] "POST /GlobalSolution--Taketen/rest/chatbot HTTP/1.1" 201 -
0:0:0:0:0:0:0:1 - - [21/Nov/2023:22:53:13 -0300] "GET /GlobalSolution--Taketen/rest/chatbot HTTP/1.1" 200 323
0:0:0:0:0:0:0:1 - - [21/Nov/2023:22:53:46 -0300] "PUT /GlobalSolution--Taketen/rest/chatbot/1 HTTP/1.1" 500 11643
0:0:0:0:0:0:0:1 - - [21/Nov/2023:22:53:53 -0300] "GET /GlobalSolution--Taketen/rest/chatbot HTTP/1.1" 500 11625
127.0.0.1 - - [21/Nov/2023:22:54:03 -0300] "GET / HTTP/1.1" 404 763
0:0:0:0:0:0:0:1 - - [21/Nov/2023:22:54:07 -0300] "GET /GlobalSolution--Taketen/rest/chatbot HTTP/1.1" 500 11625
127.0.0.1 - - [21/Nov/2023:22:54:23 -0300] "GET / HTTP/1.1" 404 763
0:0:0:0:0:0:0:1 - - [21/Nov/2023:22:54:27 -0300] "GET /GlobalSolution--Taketen/rest/chatbot HTTP/1.1" 500 11625
0:0:0:0:0:0:0:1 - - [21/Nov/2023:22:54:56 -0300] "GET /GlobalSolution--Taketen/rest/chatbot HTTP/1.1" 500 11625
127.0.0.1 - - [21/Nov/2023:22:55:17 -0300] "GET / HTTP/1.1" 404 763
0:0:0:0:0:0:0:1 - - [21/Nov/2023:22:55:25 -0300] "GET /GlobalSolution--Taketen/rest/chatbot HTTP/1.1" 200 323
0:0:0:0:0:0:0:1 - - [21/Nov/2023:22:55:31 -0300] "PUT /GlobalSolution--Taketen/rest/chatbot/1 HTTP/1.1" 500 11660
0:0:0:0:0:0:0:1 - - [21/Nov/2023:22:55:34 -0300] "GET /GlobalSolution--Taketen/rest/chatbot HTTP/1.1" 200 323
0:0:0:0:0:0:0:1 - - [21/Nov/2023:22:55:45 -0300] "PUT /GlobalSolution--Taketen/rest/chatbot/2 HTTP/1.1" 500 11660
0:0:0:0:0:0:0:1 - - [21/Nov/2023:22:55:47 -0300] "GET /GlobalSolution--Taketen/rest/chatbot HTTP/1.1" 500 7711
127.0.0.1 - - [21/Nov/2023:22:55:56 -0300] "GET / HTTP/1.1" 404 763
0:0:0:0:0:0:0:1 - - [21/Nov/2023:22:56:03 -0300] "GET /GlobalSolution--Taketen/rest/chatbot HTTP/1.1" 200 323
0:0:0:0:0:0:0:1 - - [21/Nov/2023:22:56:11 -0300] "PUT /GlobalSolution--Taketen/rest/chatbot/2 HTTP/1.1" 500 11660
0:0:0:0:0:0:0:1 - - [21/Nov/2023:22:57:14 -0300] "GET /GlobalSolution--Taketen/rest/chatbot HTTP/1.1" 200 323
0:0:0:0:0:0:0:1 - - [21/Nov/2023:22:57:25 -0300] "PUT /GlobalSolution--Taketen/rest/chatbot/2 HTTP/1.1" 500 11660
127.0.0.1 - - [21/Nov/2023:22:57:44 -0300] "GET / HTTP/1.1" 404 763
0:0:0:0:0:0:0:1 - - [21/Nov/2023:22:57:52 -0300] "PUT /GlobalSolution--Taketen/rest/chatbot/2 HTTP/1.1" 500 11660
0:0:0:0:0:0:0:1 - - [21/Nov/2023:22:58:43 -0300] "GET /GlobalSolution--Taketen/rest/chatbot HTTP/1.1" 200 323
0:0:0:0:0:0:0:1 - - [21/Nov/2023:22:58:47 -0300] "PUT /GlobalSolution--Taketen/rest/chatbot/2 HTTP/1.1" 200 -
0:0:0:0:0:0:0:1 - - [21/Nov/2023:22:58:50 -0300] "GET /GlobalSolution--Taketen/rest/chatbot HTTP/1.1" 200 324
0:0:0:0:0:0:0:1 - - [21/Nov/2023:22:59:03 -0300] "DELETE /GlobalSolution--Taketen/rest/chatbot/2 HTTP/1.1" 500 7716
127.0.0.1 - - [21/Nov/2023:22:59:22 -0300] "GET / HTTP/1.1" 404 763
0:0:0:0:0:0:0:1 - - [21/Nov/2023:22:59:30 -0300] "DELETE /GlobalSolution--Taketen/rest/chatbot/2 HTTP/1.1" 200 -
0:0:0:0:0:0:0:1 - - [21/Nov/2023:22:59:34 -0300] "GET /GlobalSolution--Taketen/rest/chatbot HTTP/1.1" 200 159
0:0:0:0:0:0:0:1 - - [21/Nov/2023:23:02:27 -0300] "GET /GlobalSolution--Taketen/rest/historicoSaude HTTP/1.1" 500 6635
127.0.0.1 - - [21/Nov/2023:23:02:34 -0300] "GET / HTTP/1.1" 404 763
0:0:0:0:0:0:0:1 - - [21/Nov/2023:23:02:40 -0300] "GET /GlobalSolution--Taketen/rest/historicoSaude HTTP/1.1" 500 6635
0:0:0:0:0:0:0:1 - - [21/Nov/2023:23:02:53 -0300] "GET /GlobalSolution--Taketen/rest/historicoSaude HTTP/1.1" 500 6635
127.0.0.1 - - [21/Nov/2023:23:03:04 -0300] "GET / HTTP/1.1" 404 763
0:0:0:0:0:0:0:1 - - [21/Nov/2023:23:03:27 -0300] "GET /GlobalSolution--Taketen/rest/historicoSaude HTTP/1.1" 500 6635
0:0:0:0:0:0:0:1 - - [21/Nov/2023:23:03:56 -0300] "GET /GlobalSolution--Taketen/ HTTP/1.1" 404 791
0:0:0:0:0:0:0:1 - - [21/Nov/2023:23:04:06 -0300] "GET /GlobalSolution--Taketen/rest/historicoSaude HTTP/1.1" 500 6635
127.0.0.1 - - [21/Nov/2023:23:05:17 -0300] "GET / HTTP/1.1" 404 763
0:0:0:0:0:0:0:1 - - [21/Nov/2023:23:05:17 -0300] "GET /GlobalSolution--Taketen/ HTTP/1.1" 404 791
0:0:0:0:0:0:0:1 - - [21/Nov/2023:23:05:40 -0300] "GET /GlobalSolution--Taketen/rest/historicoSaude HTTP/1.1" 404 725
0:0:0:0:0:0:0:1 - - [21/Nov/2023:23:06:09 -0300] "GET /GlobalSolution--Taketen/rest/historicoSaude HTTP/1.1" 404 725
127.0.0.1 - - [21/Nov/2023:23:06:17 -0300] "GET / HTTP/1.1" 404 763
0:0:0:0:0:0:0:1 - - [21/Nov/2023:23:06:22 -0300] "GET /GlobalSolution--Taketen/rest/historicoSaude HTTP/1.1" 404 725
0:0:0:0:0:0:0:1 - - [21/Nov/2023:23:06:32 -0300] "GET /GlobalSolution--Taketen/rest/chatbot HTTP/1.1" 404 725
127.0.0.1 - - [21/Nov/2023:23:06:40 -0300] "GET / HTTP/1.1" 404 763
0:0:0:0:0:0:0:1 - - [21/Nov/2023:23:06:44 -0300] "GET /GlobalSolution--Taketen/rest/chatbot HTTP/1.1" 404 725
0:0:0:0:0:0:0:1 - - [21/Nov/2023:23:07:09 -0300] "GET /GlobalSolution--Taketen/rest/chatbot HTTP/1.1" 404 725
127.0.0.1 - - [21/Nov/2023:23:07:29 -0300] "GET / HTTP/1.1" 404 763
0:0:0:0:0:0:0:1 - - [21/Nov/2023:23:07:30 -0300] "GET /GlobalSolution--Taketen/ HTTP/1.1" 404 791
0:0:0:0:0:0:0:1 - - [21/Nov/2023:23:07:35 -0300] "GET /GlobalSolution--Taketen/rest/tipoExercicio HTTP/1.1" 404 725
127.0.0.1 - - [21/Nov/2023:23:08:16 -0300] "GET / HTTP/1.1" 404 763
0:0:0:0:0:0:0:1 - - [21/Nov/2023:23:08:17 -0300] "GET /GlobalSolution--Taketen/ HTTP/1.1" 404 791
0:0:0:0:0:0:0:1 - - [21/Nov/2023:23:08:22 -0300] "GET /GlobalSolution--Taketen/rest/tipoExercicio HTTP/1.1" 200 241
0:0:0:0:0:0:0:1 - - [21/Nov/2023:23:08:28 -0300] "GET /GlobalSolution--Taketen/rest/chatbot HTTP/1.1" 200 159
0:0:0:0:0:0:0:1 - - [21/Nov/2023:23:08:33 -0300] "GET /GlobalSolution--Taketen/rest/historicoSaude HTTP/1.1" 500 6635
0:0:0:0:0:0:0:1 - - [21/Nov/2023:23:11:34 -0300] "GET /GlobalSolution--Taketen/rest/historicoSaude HTTP/1.1" 200 185
0:0:0:0:0:0:0:1 - - [21/Nov/2023:23:13:34 -0300] "POST /GlobalSolution--Taketen/rest/historicoSaude HTTP/1.1" 201 -
0:0:0:0:0:0:0:1 - - [21/Nov/2023:23:13:38 -0300] "GET /GlobalSolution--Taketen/rest/historicoSaude HTTP/1.1" 500 7753
127.0.0.1 - - [21/Nov/2023:23:13:56 -0300] "GET / HTTP/1.1" 404 763
0:0:0:0:0:0:0:1 - - [21/Nov/2023:23:14:00 -0300] "GET /GlobalSolution--Taketen/rest/historicoSaude HTTP/1.1" 200 369
0:0:0:0:0:0:0:1 - - [21/Nov/2023:23:15:23 -0300] "GET /GlobalSolution--Taketen/rest/historicoSaude HTTP/1.1" 200 369
0:0:0:0:0:0:0:1 - - [21/Nov/2023:23:15:33 -0300] "PUT /GlobalSolution--Taketen/rest/historicoSaude/2 HTTP/1.1" 200 -
0:0:0:0:0:0:0:1 - - [21/Nov/2023:23:15:36 -0300] "GET /GlobalSolution--Taketen/rest/historicoSaude HTTP/1.1" 200 378
0:0:0:0:0:0:0:1 - - [21/Nov/2023:23:15:46 -0300] "DELETE /GlobalSolution--Taketen/rest/historicoSaude/2 HTTP/1.1" 500 7758
127.0.0.1 - - [21/Nov/2023:23:15:57 -0300] "GET / HTTP/1.1" 404 763
0:0:0:0:0:0:0:1 - - [21/Nov/2023:23:16:05 -0300] "GET /GlobalSolution--Taketen/rest/historicoSaude HTTP/1.1" 200 378
0:0:0:0:0:0:0:1 - - [21/Nov/2023:23:16:08 -0300] "DELETE /GlobalSolution--Taketen/rest/historicoSaude/2 HTTP/1.1" 200 -
0:0:0:0:0:0:0:1 - - [21/Nov/2023:23:16:10 -0300] "GET /GlobalSolution--Taketen/rest/historicoSaude HTTP/1.1" 200 185
0:0:0:0:0:0:0:1 - - [21/Nov/2023:23:17:57 -0300] "GET /GlobalSolution--Taketen/rest/profissao HTTP/1.1" 500 6580
127.0.0.1 - - [21/Nov/2023:23:18:14 -0300] "GET / HTTP/1.1" 404 763
0:0:0:0:0:0:0:1 - - [21/Nov/2023:23:18:19 -0300] "GET /GlobalSolution--Taketen/rest/profissao HTTP/1.1" 500 6580
0:0:0:0:0:0:0:1 - - [21/Nov/2023:23:19:21 -0300] "GET /GlobalSolution--Taketen/rest/profissao HTTP/1.1" 200 179
0:0:0:0:0:0:0:1 - - [21/Nov/2023:23:21:40 -0300] "POST /GlobalSolution--Taketen/rest/profissao HTTP/1.1" 201 -
0:0:0:0:0:0:0:1 - - [21/Nov/2023:23:21:43 -0300] "GET /GlobalSolution--Taketen/rest/profissao HTTP/1.1" 200 359
0:0:0:0:0:0:0:1 - - [21/Nov/2023:23:22:16 -0300] "PUT /GlobalSolution--Taketen/rest/profissao/2 HTTP/1.1" 500 7732
127.0.0.1 - - [21/Nov/2023:23:22:32 -0300] "GET / HTTP/1.1" 404 763
0:0:0:0:0:0:0:1 - - [21/Nov/2023:23:22:44 -0300] "PUT /GlobalSolution--Taketen/rest/profissao/2 HTTP/1.1" 200 -
0:0:0:0:0:0:0:1 - - [21/Nov/2023:23:22:47 -0300] "GET /GlobalSolution--Taketen/rest/profissao HTTP/1.1" 200 359
0:0:0:0:0:0:0:1 - - [21/Nov/2023:23:22:51 -0300] "DELETE /GlobalSolution--Taketen/rest/profissao/2 HTTP/1.1" 200 -
0:0:0:0:0:0:0:1 - - [21/Nov/2023:23:22:53 -0300] "GET /GlobalSolution--Taketen/rest/profissao HTTP/1.1" 200 179
0:0:0:0:0:0:0:1 - - [21/Nov/2023:23:24:46 -0300] "GET /GlobalSolution--Taketen/rest/sessaoGinastica HTTP/1.1" 500 7759
127.0.0.1 - - [21/Nov/2023:23:24:54 -0300] "GET / HTTP/1.1" 404 763
0:0:0:0:0:0:0:1 - - [21/Nov/2023:23:24:59 -0300] "GET /GlobalSolution--Taketen/rest/sessaoGinastica HTTP/1.1" 500 6641
0:0:0:0:0:0:0:1 - - [21/Nov/2023:23:27:05 -0300] "GET /GlobalSolution--Taketen/rest/sessaoGinastica HTTP/1.1" 200 95
0:0:0:0:0:0:0:1 - - [21/Nov/2023:23:27:42 -0300] "POST /GlobalSolution--Taketen/rest/sessaoGinastica HTTP/1.1" 201 -
0:0:0:0:0:0:0:1 - - [21/Nov/2023:23:27:45 -0300] "GET /GlobalSolution--Taketen/rest/sessaoGinastica HTTP/1.1" 200 189
0:0:0:0:0:0:0:1 - - [21/Nov/2023:23:28:28 -0300] "PUT /GlobalSolution--Taketen/rest/sessaoGinastica/2 HTTP/1.1" 500 7768
127.0.0.1 - - [21/Nov/2023:23:28:37 -0300] "GET / HTTP/1.1" 404 763
0:0:0:0:0:0:0:1 - - [21/Nov/2023:23:28:41 -0300] "PUT /GlobalSolution--Taketen/rest/sessaoGinastica/2 HTTP/1.1" 200 -
0:0:0:0:0:0:0:1 - - [21/Nov/2023:23:28:44 -0300] "GET /GlobalSolution--Taketen/rest/sessaoGinastica HTTP/1.1" 200 189
0:0:0:0:0:0:0:1 - - [21/Nov/2023:23:28:48 -0300] "DELETE /GlobalSolution--Taketen/rest/sessaoGinastica/2 HTTP/1.1" 200 -
0:0:0:0:0:0:0:1 - - [21/Nov/2023:23:28:50 -0300] "GET /GlobalSolution--Taketen/rest/sessaoGinastica HTTP/1.1" 200 95
0:0:0:0:0:0:0:1 - - [21/Nov/2023:23:30:59 -0300] "GET /GlobalSolution--Taketen/rest/sessaoGinasticaExercicio HTTP/1.1" 500 7813
127.0.0.1 - - [21/Nov/2023:23:31:07 -0300] "GET / HTTP/1.1" 404 763
0:0:0:0:0:0:0:1 - - [21/Nov/2023:23:31:18 -0300] "GET /GlobalSolution--Taketen/rest/sessaoGinasticaExercicio HTTP/1.1" 200 2
0:0:0:0:0:0:0:1 - - [21/Nov/2023:23:32:49 -0300] "GET /GlobalSolution--Taketen/rest/sessaoGinastica HTTP/1.1" 200 95
0:0:0:0:0:0:0:1 - - [21/Nov/2023:23:33:58 -0300] "POST /GlobalSolution--Taketen/rest/sessaoGinasticaExercicio HTTP/1.1" 201 -
0:0:0:0:0:0:0:1 - - [21/Nov/2023:23:34:01 -0300] "GET /GlobalSolution--Taketen/rest/sessaoGinasticaExercicio HTTP/1.1" 200 72
0:0:0:0:0:0:0:1 - - [21/Nov/2023:23:34:08 -0300] "POST /GlobalSolution--Taketen/rest/sessaoGinasticaExercicio HTTP/1.1" 500 7820
127.0.0.1 - - [21/Nov/2023:23:34:17 -0300] "GET / HTTP/1.1" 404 763
0:0:0:0:0:0:0:1 - - [21/Nov/2023:23:34:21 -0300] "POST /GlobalSolution--Taketen/rest/sessaoGinasticaExercicio HTTP/1.1" 201 -
0:0:0:0:0:0:0:1 - - [21/Nov/2023:23:34:24 -0300] "GET /GlobalSolution--Taketen/rest/sessaoGinasticaExercicio HTTP/1.1" 200 143
0:0:0:0:0:0:0:1 - - [21/Nov/2023:23:34:48 -0300] "PUT /GlobalSolution--Taketen/rest/sessaoGinasticaExercicio/2 HTTP/1.1" 500 12015
127.0.0.1 - - [21/Nov/2023:23:34:56 -0300] "GET / HTTP/1.1" 404 763
0:0:0:0:0:0:0:1 - - [21/Nov/2023:23:35:02 -0300] "PUT /GlobalSolution--Taketen/rest/sessaoGinasticaExercicio/2 HTTP/1.1" 500 12015
0:0:0:0:0:0:0:1 - - [21/Nov/2023:23:35:25 -0300] "GET /GlobalSolution--Taketen/rest/exercicio HTTP/1.1" 200 322
0:0:0:0:0:0:0:1 - - [21/Nov/2023:23:35:39 -0300] "POST /GlobalSolution--Taketen/rest/exercicio HTTP/1.1" 201 -
0:0:0:0:0:0:0:1 - - [21/Nov/2023:23:35:42 -0300] "GET /GlobalSolution--Taketen/rest/exercicio HTTP/1.1" 200 639
0:0:0:0:0:0:0:1 - - [21/Nov/2023:23:35:46 -0300] "PUT /GlobalSolution--Taketen/rest/sessaoGinasticaExercicio/2 HTTP/1.1" 200 -
0:0:0:0:0:0:0:1 - - [21/Nov/2023:23:35:50 -0300] "GET /GlobalSolution--Taketen/rest/sessaoGinasticaExercicio HTTP/1.1" 500 7813
127.0.0.1 - - [21/Nov/2023:23:35:59 -0300] "GET / HTTP/1.1" 404 763
0:0:0:0:0:0:0:1 - - [21/Nov/2023:23:36:19 -0300] "GET /GlobalSolution--Taketen/rest/sessaoGinasticaExercicio HTTP/1.1" 200 143
0:0:0:0:0:0:0:1 - - [21/Nov/2023:23:36:35 -0300] "DELETE /GlobalSolution--Taketen/rest/sessaoGinasticaExercicio/2 HTTP/1.1" 200 -
0:0:0:0:0:0:0:1 - - [21/Nov/2023:23:36:38 -0300] "GET /GlobalSolution--Taketen/rest/sessaoGinasticaExercicio HTTP/1.1" 200 72
0:0:0:0:0:0:0:1 - - [21/Nov/2023:23:38:57 -0300] "GET /GlobalSolution--Taketen/rest/conquista HTTP/1.1" 500 6580
127.0.0.1 - - [21/Nov/2023:23:39:08 -0300] "GET / HTTP/1.1" 404 763
0:0:0:0:0:0:0:1 - - [21/Nov/2023:23:39:12 -0300] "GET /GlobalSolution--Taketen/rest/conquista HTTP/1.1" 500 6580
0:0:0:0:0:0:0:1 - - [21/Nov/2023:23:42:03 -0300] "GET /GlobalSolution--Taketen/rest/conquista HTTP/1.1" 200 223
0:0:0:0:0:0:0:1 - - [21/Nov/2023:23:42:32 -0300] "POST /GlobalSolution--Taketen/rest/conquista HTTP/1.1" 201 -
0:0:0:0:0:0:0:1 - - [21/Nov/2023:23:42:57 -0300] "GET /GlobalSolution--Taketen/rest/conquista HTTP/1.1" 500 11384
0:0:0:0:0:0:0:1 - - [21/Nov/2023:23:44:05 -0300] "GET /GlobalSolution--Taketen/rest/conquista HTTP/1.1" 200 456
0:0:0:0:0:0:0:1 - - [21/Nov/2023:23:44:31 -0300] "PUT /GlobalSolution--Taketen/rest/conquista/2 HTTP/1.1" 200 -
0:0:0:0:0:0:0:1 - - [21/Nov/2023:23:44:37 -0300] "GET /GlobalSolution--Taketen/rest/conquista HTTP/1.1" 500 7723
127.0.0.1 - - [21/Nov/2023:23:44:48 -0300] "GET / HTTP/1.1" 404 763
0:0:0:0:0:0:0:1 - - [21/Nov/2023:23:44:55 -0300] "GET /GlobalSolution--Taketen/rest/conquista HTTP/1.1" 200 456
0:0:0:0:0:0:0:1 - - [21/Nov/2023:23:45:19 -0300] "DELETE /GlobalSolution--Taketen/rest/conquista/2 HTTP/1.1" 200 -
0:0:0:0:0:0:0:1 - - [21/Nov/2023:23:45:22 -0300] "GET /GlobalSolution--Taketen/rest/conquista HTTP/1.1" 200 223
0:0:0:0:0:0:0:1 - - [21/Nov/2023:23:47:49 -0300] "GET /GlobalSolution--Taketen/rest/desempenho HTTP/1.1" 500 6586
0:0:0:0:0:0:0:1 - - [21/Nov/2023:23:50:02 -0300] "GET /GlobalSolution--Taketen/rest/desempenho HTTP/1.1" 200 157
0:0:0:0:0:0:0:1 - - [21/Nov/2023:23:50:49 -0300] "POST /GlobalSolution--Taketen/rest/desempenho HTTP/1.1" 500 7736
127.0.0.1 - - [21/Nov/2023:23:51:02 -0300] "GET / HTTP/1.1" 404 763
0:0:0:0:0:0:0:1 - - [21/Nov/2023:23:51:07 -0300] "POST /GlobalSolution--Taketen/rest/desempenho HTTP/1.1" 201 -
0:0:0:0:0:0:0:1 - - [21/Nov/2023:23:51:10 -0300] "GET /GlobalSolution--Taketen/rest/desempenho HTTP/1.1" 200 326
0:0:0:0:0:0:0:1 - - [21/Nov/2023:23:51:31 -0300] "PUT /GlobalSolution--Taketen/rest/desempenho/2 HTTP/1.1" 500 7738
127.0.0.1 - - [21/Nov/2023:23:51:39 -0300] "GET / HTTP/1.1" 404 763
0:0:0:0:0:0:0:1 - - [21/Nov/2023:23:51:57 -0300] "PUT /GlobalSolution--Taketen/rest/desempenho/2 HTTP/1.1" 200 -
0:0:0:0:0:0:0:1 - - [21/Nov/2023:23:52:01 -0300] "GET /GlobalSolution--Taketen/rest/desempenho HTTP/1.1" 200 326
0:0:0:0:0:0:0:1 - - [21/Nov/2023:23:52:04 -0300] "DELETE /GlobalSolution--Taketen/rest/desempenho/2 HTTP/1.1" 500 7734
127.0.0.1 - - [21/Nov/2023:23:52:12 -0300] "GET / HTTP/1.1" 404 763
0:0:0:0:0:0:0:1 - - [21/Nov/2023:23:52:18 -0300] "DELETE /GlobalSolution--Taketen/rest/desempenho/2 HTTP/1.1" 200 -
0:0:0:0:0:0:0:1 - - [21/Nov/2023:23:52:23 -0300] "GET /GlobalSolution--Taketen/rest/desempenho HTTP/1.1" 200 157
0:0:0:0:0:0:0:1 - - [21/Nov/2023:23:54:16 -0300] "GET /GlobalSolution--Taketen/rest/usuario HTTP/1.1" 500 7711
127.0.0.1 - - [21/Nov/2023:23:54:25 -0300] "GET / HTTP/1.1" 404 763
0:0:0:0:0:0:0:1 - - [21/Nov/2023:23:54:29 -0300] "GET /GlobalSolution--Taketen/rest/usuario HTTP/1.1" 200 220
0:0:0:0:0:0:0:1 - - [21/Nov/2023:23:55:08 -0300] "POST /GlobalSolution--Taketen/rest/usuario HTTP/1.1" 500 11313
127.0.0.1 - - [21/Nov/2023:23:55:20 -0300] "GET / HTTP/1.1" 404 763
0:0:0:0:0:0:0:1 - - [21/Nov/2023:23:55:24 -0300] "POST /GlobalSolution--Taketen/rest/usuario HTTP/1.1" 500 11313
0:0:0:0:0:0:0:1 - - [21/Nov/2023:23:56:41 -0300] "POST /GlobalSolution--Taketen/rest/usuario HTTP/1.1" 500 11361
127.0.0.1 - - [21/Nov/2023:23:57:02 -0300] "GET / HTTP/1.1" 404 763
0:0:0:0:0:0:0:1 - - [21/Nov/2023:23:57:09 -0300] "POST /GlobalSolution--Taketen/rest/usuario HTTP/1.1" 500 11361
127.0.0.1 - - [21/Nov/2023:23:58:37 -0300] "GET / HTTP/1.1" 404 763
0:0:0:0:0:0:0:1 - - [21/Nov/2023:23:58:59 -0300] "POST /GlobalSolution--Taketen/rest/usuario HTTP/1.1" 500 11361
